// Jest Snapshot v1, https://goo.gl/fbAQLP

exports[`should render NotFoundPage correctly 1`] = `
<div>
  YOU HIT A HIDDEN PAGE! - 
  <Link
    to="/"
  >
    Go home
  </Link>
</div>
`;
